# Outputs from the following files:
## "/proc/meminfo" for RAM usage:
MemTotal:        8044768 kB
MemFree:         7205148 kB
MemAvailable:    7518780 kB
Buffers:            8200 kB
Cached:           418540 kB
SwapCached:            0 kB
Active:            64964 kB
Inactive:         436692 kB
Active(anon):       2540 kB
Inactive(anon):    75964 kB
Active(file):      62424 kB
Inactive(file):   360728 kB
Unevictable:           0 kB
Mlocked:               0 kB
SwapTotal:       2097152 kB
SwapFree:        2097152 kB
Dirty:                92 kB
Writeback:             0 kB
AnonPages:         74728 kB
Mapped:           169040 kB
Shmem:              3588 kB
KReclaimable:      60944 kB
Slab:             118524 kB
SReclaimable:      60944 kB
SUnreclaim:        57580 kB
KernelStack:        3540 kB
PageTables:         3276 kB
SecPageTables:         0 kB
NFS_Unstable:          0 kB
Bounce:                0 kB
WritebackTmp:          0 kB
CommitLimit:     6119536 kB
Committed_AS:     557280 kB
VmallocTotal:   34359738367 kB
VmallocUsed:       28452 kB
VmallocChunk:          0 kB
Percpu:             3520 kB
HardwareCorrupted:     0 kB
AnonHugePages:         0 kB
ShmemHugePages:        0 kB
ShmemPmdMapped:        0 kB
FileHugePages:         0 kB
FilePmdMapped:         0 kB
Unaccepted:            0 kB
HugePages_Total:       0
HugePages_Free:        0
HugePages_Rsvd:        0
HugePages_Surp:        0
Hugepagesize:       2048 kB
Hugetlb:               0 kB
DirectMap4k:       80896 kB
DirectMap2M:     6121472 kB
DirectMap1G:    11534336 kB

## "/proc/stat" for CPU usage:
cpu  4110 9 5236 3171519 1821 0 1556 0 0 0
cpu0 517 0 754 395730 466 0 1234 0 0 0
cpu1 414 0 455 396673 254 0 182 0 0 0
cpu2 643 2 834 396045 245 0 68 0 0 0

... upto N cores